Archive member included to satisfy reference by file (symbol)

c:/program files (x86)/atollic/truestudio for stm32 9.0.1/armtools/bin/../lib/gcc/arm-atollic-eabi/6.3.1/../../../../arm-atollic-eabi/lib/armv7e-m/fpu\libc_nano.a(lib_a-init.o)
                              startup\startup_stm32f407xx.o (__libc_init_array)
c:/program files (x86)/atollic/truestudio for stm32 9.0.1/armtools/bin/../lib/gcc/arm-atollic-eabi/6.3.1/armv7e-m/fpu\libgcc.a(_arm_addsubdf3.o)
                              Src\app.o (__aeabi_dadd)
c:/program files (x86)/atollic/truestudio for stm32 9.0.1/armtools/bin/../lib/gcc/arm-atollic-eabi/6.3.1/armv7e-m/fpu\libgcc.a(_arm_muldivdf3.o)
                              Src\app.o (__aeabi_dmul)
c:/program files (x86)/atollic/truestudio for stm32 9.0.1/armtools/bin/../lib/gcc/arm-atollic-eabi/6.3.1/armv7e-m/fpu\libgcc.a(_arm_truncdfsf2.o)
                              Src\app.o (__aeabi_d2f)
c:/program files (x86)/atollic/truestudio for stm32 9.0.1/armtools/bin/../lib/gcc/arm-atollic-eabi/6.3.1/armv7e-m/fpu\libgcc.a(_aeabi_uldivmod.o)
                              Drivers\STM32F4xx_HAL_Driver\Src\stm32f4xx_hal_rcc.o (__aeabi_uldivmod)
c:/program files (x86)/atollic/truestudio for stm32 9.0.1/armtools/bin/../lib/gcc/arm-atollic-eabi/6.3.1/armv7e-m/fpu\libgcc.a(_udivmoddi4.o)
                              c:/program files (x86)/atollic/truestudio for stm32 9.0.1/armtools/bin/../lib/gcc/arm-atollic-eabi/6.3.1/armv7e-m/fpu\libgcc.a(_aeabi_uldivmod.o) (__udivmoddi4)
c:/program files (x86)/atollic/truestudio for stm32 9.0.1/armtools/bin/../lib/gcc/arm-atollic-eabi/6.3.1/armv7e-m/fpu\libgcc.a(_dvmd_tls.o)
                              c:/program files (x86)/atollic/truestudio for stm32 9.0.1/armtools/bin/../lib/gcc/arm-atollic-eabi/6.3.1/armv7e-m/fpu\libgcc.a(_aeabi_uldivmod.o) (__aeabi_ldiv0)

Allocating common symbols
Common symbol       size              file

htim4               0x3c              Src\main.o
uwTick              0x4               Drivers\STM32F4xx_HAL_Driver\Src\stm32f4xx_hal.o
pFlash              0x20              Drivers\STM32F4xx_HAL_Driver\Src\stm32f4xx_hal_flash.o
hadc1               0x48              Src\main.o
v                   0x6               Src\app.o
hdma_adc1           0x60              Src\main.o
htim2               0x3c              Src\main.o

Discarded input sections

 .text          0x00000000        0x0 c:/program files (x86)/atollic/truestudio for stm32 9.0.1/armtools/bin/../lib/gcc/arm-atollic-eabi/6.3.1/armv7e-m/fpu/crti.o
 .data          0x00000000        0x0 c:/program files (x86)/atollic/truestudio for stm32 9.0.1/armtools/bin/../lib/gcc/arm-atollic-eabi/6.3.1/armv7e-m/fpu/crti.o
 .bss           0x00000000        0x0 c:/program files (x86)/atollic/truestudio for stm32 9.0.1/armtools/bin/../lib/gcc/arm-atollic-eabi/6.3.1/armv7e-m/fpu/crti.o
 .data          0x00000000        0x4 c:/program files (x86)/atollic/truestudio for stm32 9.0.1/armtools/bin/../lib/gcc/arm-atollic-eabi/6.3.1/armv7e-m/fpu/crtbegin.o
 .text          0x00000000        0x0 Drivers\STM32F4xx_HAL_Driver\Src\stm32f4xx_hal.o
 .data          0x00000000        0x0 Drivers\STM32F4xx_HAL_Driver\Src\stm32f4xx_hal.o
 .bss           0x00000000        0x0 Drivers\STM32F4xx_HAL_Driver\Src\stm32f4xx_hal.o
 .text.HAL_DeInit
                0x00000000       0x58 Drivers\STM32F4xx_HAL_Driver\Src\stm32f4xx_hal.o
 .text.HAL_MspInit
                0x00000000        0xe Drivers\STM32F4xx_HAL_Driver\Src\stm32f4xx_hal.o
 .text.HAL_MspDeInit
                0x00000000        0xe Drivers\STM32F4xx_HAL_Driver\Src\stm32f4xx_hal.o
 .text.HAL_GetTickPrio
                0x00000000       0x18 Drivers\STM32F4xx_HAL_Driver\Src\stm32f4xx_hal.o
 .text.HAL_SetTickFreq
                0x00000000       0x40 Drivers\STM32F4xx_HAL_Driver\Src\stm32f4xx_hal.o
 .text.HAL_GetTickFreq
                0x00000000       0x18 Drivers\STM32F4xx_HAL_Driver\Src\stm32f4xx_hal.o
 .text.HAL_Delay
                0x00000000       0x44 Drivers\STM32F4xx_HAL_Driver\Src\stm32f4xx_hal.o
 .text.HAL_SuspendTick
                0x00000000       0x20 Drivers\STM32F4xx_HAL_Driver\Src\stm32f4xx_hal.o
 .text.HAL_ResumeTick
                0x00000000       0x20 Drivers\STM32F4xx_HAL_Driver\Src\stm32f4xx_hal.o
 .text.HAL_GetHalVersion
                0x00000000       0x14 Drivers\STM32F4xx_HAL_Driver\Src\stm32f4xx_hal.o
 .text.HAL_GetREVID
                0x00000000       0x18 Drivers\STM32F4xx_HAL_Driver\Src\stm32f4xx_hal.o
 .text.HAL_GetDEVID
                0x00000000       0x1c Drivers\STM32F4xx_HAL_Driver\Src\stm32f4xx_hal.o
 .text.HAL_DBGMCU_EnableDBGSleepMode
                0x00000000       0x20 Drivers\STM32F4xx_HAL_Driver\Src\stm32f4xx_hal.o
 .text.HAL_DBGMCU_DisableDBGSleepMode
                0x00000000       0x20 Drivers\STM32F4xx_HAL_Driver\Src\stm32f4xx_hal.o
 .text.HAL_DBGMCU_EnableDBGStopMode
                0x00000000       0x20 Drivers\STM32F4xx_HAL_Driver\Src\stm32f4xx_hal.o
 .text.HAL_DBGMCU_DisableDBGStopMode
[...]
Memory Configuration

Name             Origin             Length             Attributes
RAM              0x20000000         0x00020000         xrw
CCMRAM           0x10000000         0x00010000         rw
FLASH            0x08000000         0x00100000         xr
*default*        0x00000000         0xffffffff

Linker script and memory map

LOAD c:/program files (x86)/atollic/truestudio for stm32 9.0.1/armtools/bin/../lib/gcc/arm-atollic-eabi/6.3.1/armv7e-m/fpu/crti.o
LOAD c:/program files (x86)/atollic/truestudio for stm32 9.0.1/armtools/bin/../lib/gcc/arm-atollic-eabi/6.3.1/armv7e-m/fpu/crtbegin.o
LOAD Drivers\STM32F4xx_HAL_Driver\Src\stm32f4xx_hal.o
LOAD Drivers\STM32F4xx_HAL_Driver\Src\stm32f4xx_hal_adc.o
LOAD Drivers\STM32F4xx_HAL_Driver\Src\stm32f4xx_hal_adc_ex.o
LOAD Drivers\STM32F4xx_HAL_Driver\Src\stm32f4xx_hal_cortex.o
LOAD Drivers\STM32F4xx_HAL_Driver\Src\stm32f4xx_hal_dma.o
LOAD Drivers\STM32F4xx_HAL_Driver\Src\stm32f4xx_hal_dma_ex.o
LOAD Drivers\STM32F4xx_HAL_Driver\Src\stm32f4xx_hal_flash.o
LOAD Drivers\STM32F4xx_HAL_Driver\Src\stm32f4xx_hal_flash_ex.o
LOAD Drivers\STM32F4xx_HAL_Driver\Src\stm32f4xx_hal_flash_ramfunc.o
LOAD Drivers\STM32F4xx_HAL_Driver\Src\stm32f4xx_hal_gpio.o
LOAD Drivers\STM32F4xx_HAL_Driver\Src\stm32f4xx_hal_pwr.o
LOAD Drivers\STM32F4xx_HAL_Driver\Src\stm32f4xx_hal_pwr_ex.o
LOAD Drivers\STM32F4xx_HAL_Driver\Src\stm32f4xx_hal_rcc.o
LOAD Drivers\STM32F4xx_HAL_Driver\Src\stm32f4xx_hal_rcc_ex.o
LOAD Drivers\STM32F4xx_HAL_Driver\Src\stm32f4xx_hal_tim.o
LOAD Drivers\STM32F4xx_HAL_Driver\Src\stm32f4xx_hal_tim_ex.o
LOAD Src\app.o
LOAD Src\main.o
LOAD Src\stm32f4xx_hal_msp.o
LOAD Src\stm32f4xx_it.o
LOAD Src\system_stm32f4xx.o
LOAD startup\startup_stm32f407xx.o
                0x00000080                malloc_getpagesize_P = 0x80
START GROUP
LOAD c:/program files (x86)/atollic/truestudio for stm32 9.0.1/armtools/bin/../lib/gcc/arm-atollic-eabi/6.3.1/../../../../arm-atollic-eabi/lib/armv7e-m/fpu\libc_nano.a
LOAD c:/program files (x86)/atollic/truestudio for stm32 9.0.1/armtools/bin/../lib/gcc/arm-atollic-eabi/6.3.1/../../../../arm-atollic-eabi/lib/armv7e-m/fpu\libm.a
END GROUP
START GROUP
LOAD c:/program files (x86)/atollic/truestudio for stm32 9.0.1/armtools/bin/../lib/gcc/arm-atollic-eabi/6.3.1/armv7e-m/fpu\libgcc.a
LOAD c:/program files (x86)/atollic/truestudio for stm32 9.0.1/armtools/bin/../lib/gcc/arm-atollic-eabi/6.3.1/../../../../arm-atollic-eabi/lib/armv7e-m/fpu\libc_nano.a
END GROUP
START GROUP
LOAD c:/program files (x86)/atollic/truestudio for stm32 9.0.1/armtools/bin/../lib/gcc/arm-atollic-eabi/6.3.1/armv7e-m/fpu\libgcc.a
LOAD c:/program files (x86)/atollic/truestudio for stm32 9.0.1/armtools/bin/../lib/gcc/arm-atollic-eabi/6.3.1/../../../../arm-atollic-eabi/lib/armv7e-m/fpu\libc_nano.a
LOAD c:/program files (x86)/atollic/truestudio for stm32 9.0.1/armtools/bin/../lib/gcc/arm-atollic-eabi/6.3.1/../../../../arm-atollic-eabi/lib/armv7e-m/fpu\libnosys.a
END GROUP
START GROUP
LOAD c:/program files (x86)/atollic/truestudio for stm32 9.0.1/armtools/bin/../lib/gcc/arm-atollic-eabi/6.3.1/armv7e-m/fpu\libgcc.a
LOAD c:/program files (x86)/atollic/truestudio for stm32 9.0.1/armtools/bin/../lib/gcc/arm-atollic-eabi/6.3.1/../../../../arm-atollic-eabi/lib/armv7e-m/fpu\libc_nano.a
LOAD c:/program files (x86)/atollic/truestudio for stm32 9.0.1/armtools/bin/../lib/gcc/arm-atollic-eabi/6.3.1/../../../../arm-atollic-eabi/lib/armv7e-m/fpu\libnosys.a
END GROUP
LOAD c:/program files (x86)/atollic/truestudio for stm32 9.0.1/armtools/bin/../lib/gcc/arm-atollic-eabi/6.3.1/armv7e-m/fpu/crtend.o
LOAD c:/program files (x86)/atollic/truestudio for stm32 9.0.1/armtools/bin/../lib/gcc/arm-atollic-eabi/6.3.1/armv7e-m/fpu/crtn.o
                0x20020000                _estack = 0x20020000
                0x00000200                _Min_Heap_Size = 0x200
                0x00000400                _Min_Stack_Size = 0x400

.isr_vector     0x08000000      0x188
                0x08000000                . = ALIGN (0x4)
 *(.isr_vector)
 .isr_vector    0x08000000      0x188 startup\startup_stm32f407xx.o
                0x08000000                g_pfnVectors
                0x08000188                . = ALIGN (0x4)

.text           0x08000188     0x4118
                0x08000188                . = ALIGN (0x4)
 *(.text)
 .text          0x08000188       0x40 c:/program files (x86)/atollic/truestudio for stm32 9.0.1/armtools/bin/../lib/gcc/arm-atollic-eabi/6.3.1/armv7e-m/fpu/crtbegin.o
 .text          0x080001c8      0x370 c:/program files (x86)/atollic/truestudio for stm32 9.0.1/armtools/bin/../lib/gcc/arm-atollic-eabi/6.3.1/armv7e-m/fpu\libgcc.a(_arm_addsubdf3.o)
                0x080001c8                __aeabi_drsub
                0x080001d0                __aeabi_dsub
                0x080001d0                __subdf3
                0x080001d4                __aeabi_dadd
                0x080001d4                __adddf3
                0x0800044c                __floatunsidf
                0x0800044c                __aeabi_ui2d
                0x0800046c                __floatsidf
                0x0800046c                __aeabi_i2d
                0x08000490                __aeabi_f2d
                0x08000490                __extendsfdf2
                0x080004cc                __floatundidf
                0x080004cc                __aeabi_ul2d
                0x080004dc                __floatdidf
                0x080004dc                __aeabi_l2d
 .text          0x08000538      0x424 c:/program files (x86)/atollic/truestudio for stm32 9.0.1/armtools/bin/../lib/gcc/arm-atollic-eabi/6.3.1/armv7e-m/fpu\libgcc.a(_arm_muldivdf3.o)
                0x08000538                __aeabi_dmul
                0x08000538                __muldf3
                0x0800078c                __divdf3
                0x0800078c                __aeabi_ddiv
 .text          0x0800095c       0xa0 c:/program files (x86)/atollic/truestudio for stm32 9.0.1/armtools/bin/../lib/gcc/arm-atollic-eabi/6.3.1/armv7e-m/fpu\libgcc.a(_arm_truncdfsf2.o)
                0x0800095c                __truncdfsf2
                0x0800095c                __aeabi_d2f
 .text          0x080009fc       0x30 c:/program files (x86)/atollic/truestudio for stm32 9.0.1/armtools/bin/../lib/gcc/arm-atollic-eabi/6.3.1/armv7e-m/fpu\libgcc.a(_aeabi_uldivmod.o)
                0x080009fc                __aeabi_uldivmod
 .text          0x08000a2c      0x2dc c:/program files (x86)/atollic/truestudio for stm32 9.0.1/armtools/bin/../lib/gcc/arm-atollic-eabi/6.3.1/armv7e-m/fpu\libgcc.a(_udivmoddi4.o)
                0x08000a2c                __udivmoddi4
 .text          0x08000d08        0x4 c:/program files (x86)/atollic/truestudio for stm32 9.0.1/armtools/bin/../lib/gcc/arm-atollic-eabi/6.3.1/armv7e-m/fpu\libgcc.a(_dvmd_tls.o)
                0x08000d08                __aeabi_idiv0
                0x08000d08                __aeabi_ldiv0
 *(.text*)
 .text.HAL_Init
                0x08000d0c       0x44 Drivers\STM32F4xx_HAL_Driver\Src\stm32f4xx_hal.o
                0x08000d0c                HAL_Init
 .text.HAL_InitTick
                0x08000d50       0x60 Drivers\STM32F4xx_HAL_Driver\Src\stm32f4xx_hal.o
                0x08000d50                HAL_InitTick
 .text.HAL_IncTick
                0x08000db0       0x28 Drivers\STM32F4xx_HAL_Driver\Src\stm32f4xx_hal.o
                0x08000db0                HAL_IncTick
 .text.HAL_GetTick
                0x08000dd8       0x18 Drivers\STM32F4xx_HAL_Driver\Src\stm32f4xx_hal.o
                0x08000dd8                HAL_GetTick
 .text.HAL_ADC_Init
                0x08000df0       0x86 Drivers\STM32F4xx_HAL_Driver\Src\stm32f4xx_hal_adc.o
                0x08000df0                HAL_ADC_Init
 .text.HAL_ADC_IRQHandler
                0x08000e76      0x282 Drivers\STM32F4xx_HAL_Driver\Src\stm32f4xx_hal_adc.o
                0x08000e76                HAL_ADC_IRQHandler
 .text.HAL_ADC_Start_DMA
                0x080010f8      0x1a4 Drivers\STM32F4xx_HAL_Driver\Src\stm32f4xx_hal_adc.o
                0x080010f8                HAL_ADC_Start_DMA
 .text.HAL_ADC_ConvHalfCpltCallback
                0x0800129c       0x14 Drivers\STM32F4xx_HAL_Driver\Src\stm32f4xx_hal_adc.o
                0x0800129c                HAL_ADC_ConvHalfCpltCallback
 .text.HAL_ADC_LevelOutOfWindowCallback
                0x080012b0       0x14 Drivers\STM32F4xx_HAL_Driver\Src\stm32f4xx_hal_adc.o
                0x080012b0                HAL_ADC_LevelOutOfWindowCallback
 .text.HAL_ADC_ErrorCallback
                0x080012c4       0x14 Drivers\STM32F4xx_HAL_Driver\Src\stm32f4xx_hal_adc.o
                0x080012c4                HAL_ADC_ErrorCallback
 .text.HAL_ADC_ConfigChannel
                0x080012d8      0x248 Drivers\STM32F4xx_HAL_Driver\Src\stm32f4xx_hal_adc.o
                0x080012d8                HAL_ADC_ConfigChannel
 .text.ADC_Init
                0x08001520      0x1f4 Drivers\STM32F4xx_HAL_Driver\Src\stm32f4xx_hal_adc.o
 .text.ADC_DMAConvCplt
                0x08001714       0xa6 Drivers\STM32F4xx_HAL_Driver\Src\stm32f4xx_hal_adc.o
 .text.ADC_DMAHalfConvCplt
                0x080017ba       0x1c Drivers\STM32F4xx_HAL_Driver\Src\stm32f4xx_hal_adc.o
 .text.ADC_DMAError
                0x080017d6       0x2e Drivers\STM32F4xx_HAL_Driver\Src\stm32f4xx_hal_adc.o
 .text.HAL_ADCEx_InjectedConvCpltCallback
                0x08001804       0x14 Drivers\STM32F4xx_HAL_Driver\Src\stm32f4xx_hal_adc_ex.o
                0x08001804                HAL_ADCEx_InjectedConvCpltCallback
 .text.NVIC_SetPriorityGrouping
                0x08001818       0x48 Drivers\STM32F4xx_HAL_Driver\Src\stm32f4xx_hal_cortex.o
 .text.NVIC_GetPriorityGrouping
                0x08001860       0x1c Drivers\STM32F4xx_HAL_Driver\Src\stm32f4xx_hal_cortex.o
 .text.NVIC_EnableIRQ
                0x0800187c       0x34 Drivers\STM32F4xx_HAL_Driver\Src\stm32f4xx_hal_cortex.o
 .text.NVIC_SetPriority
                0x080018b0       0x54 Drivers\STM32F4xx_HAL_Driver\Src\stm32f4xx_hal_cortex.o
 .text.NVIC_EncodePriority
                0x08001904       0x62 Drivers\STM32F4xx_HAL_Driver\Src\stm32f4xx_hal_cortex.o
 *fill*         0x08001966        0x2 
 .text.SysTick_Config
                0x08001968       0x44 Drivers\STM32F4xx_HAL_Driver\Src\stm32f4xx_hal_cortex.o
 .text.HAL_NVIC_SetPriorityGrouping
                0x080019ac       0x16 Drivers\STM32F4xx_HAL_Driver\Src\stm32f4xx_hal_cortex.o
                0x080019ac                HAL_NVIC_SetPriorityGrouping
 .text.HAL_NVIC_SetPriority
                0x080019c2       0x38 Drivers\STM32F4xx_HAL_Driver\Src\stm32f4xx_hal_cortex.o
                0x080019c2                HAL_NVIC_SetPriority
 .text.HAL_NVIC_EnableIRQ
                0x080019fa       0x1c Drivers\STM32F4xx_HAL_Driver\Src\stm32f4xx_hal_cortex.o
                0x080019fa                HAL_NVIC_EnableIRQ
 .text.HAL_SYSTICK_Config
                0x08001a16       0x18 Drivers\STM32F4xx_HAL_Driver\Src\stm32f4xx_hal_cortex.o
                0x08001a16                HAL_SYSTICK_Config
 *fill*         0x08001a2e        0x2 
 .text.HAL_SYSTICK_CLKSourceConfig
                0x08001a30       0x38 Drivers\STM32F4xx_HAL_Driver\Src\stm32f4xx_hal_cortex.o
                0x08001a30                HAL_SYSTICK_CLKSourceConfig
 .text.HAL_SYSTICK_IRQHandler
                0x08001a68        0xc Drivers\STM32F4xx_HAL_Driver\Src\stm32f4xx_hal_cortex.o
                0x08001a68                HAL_SYSTICK_IRQHandler
 .text.HAL_SYSTICK_Callback
                0x08001a74        0xe Drivers\STM32F4xx_HAL_Driver\Src\stm32f4xx_hal_cortex.o
                0x08001a74                HAL_SYSTICK_Callback
 *fill*         0x08001a82        0x2 
 .text.HAL_DMA_Init
                0x08001a84      0x15c Drivers\STM32F4xx_HAL_Driver\Src\stm32f4xx_hal_dma.o
                0x08001a84                HAL_DMA_Init
 .text.HAL_DMA_Start_IT
                0x08001be0       0xc0 Drivers\STM32F4xx_HAL_Driver\Src\stm32f4xx_hal_dma.o
                0x08001be0                HAL_DMA_Start_IT
 .text.HAL_DMA_IRQHandler
                0x08001ca0      0x314 Drivers\STM32F4xx_HAL_Driver\Src\stm32f4xx_hal_dma.o
                0x08001ca0                HAL_DMA_IRQHandler
 .text.DMA_SetConfig
                0x08001fb4       0x5c Drivers\STM32F4xx_HAL_Driver\Src\stm32f4xx_hal_dma.o
 .text.DMA_CalcBaseAndBitshift
                0x08002010       0x6c Drivers\STM32F4xx_HAL_Driver\Src\stm32f4xx_hal_dma.o
 .text.DMA_CheckFifoParam
                0x0800207c       0xf4 Drivers\STM32F4xx_HAL_Driver\Src\stm32f4xx_hal_dma.o
 .text.HAL_GPIO_Init
                0x08002170      0x334 Drivers\STM32F4xx_HAL_Driver\Src\stm32f4xx_hal_gpio.o
                0x08002170                HAL_GPIO_Init
 .text.HAL_GPIO_WritePin
                0x080024a4       0x32 Drivers\STM32F4xx_HAL_Driver\Src\stm32f4xx_hal_gpio.o
                0x080024a4                HAL_GPIO_WritePin
 .text.HAL_GPIO_TogglePin
                0x080024d6       0x24 Drivers\STM32F4xx_HAL_Driver\Src\stm32f4xx_hal_gpio.o
                0x080024d6                HAL_GPIO_TogglePin
 *fill*         0x080024fa        0x2 
 .text.HAL_RCC_OscConfig
                0x080024fc      0x484 Drivers\STM32F4xx_HAL_Driver\Src\stm32f4xx_hal_rcc.o
                0x080024fc                HAL_RCC_OscConfig
 .text.HAL_RCC_ClockConfig
                0x08002980      0x1c4 Drivers\STM32F4xx_HAL_Driver\Src\stm32f4xx_hal_rcc.o
                0x08002980                HAL_RCC_ClockConfig
 .text.HAL_RCC_GetSysClockFreq
                0x08002b44      0x1b0 Drivers\STM32F4xx_HAL_Driver\Src\stm32f4xx_hal_rcc.o
                0x08002b44                HAL_RCC_GetSysClockFreq
 .text.HAL_RCC_GetHCLKFreq
                0x08002cf4       0x18 Drivers\STM32F4xx_HAL_Driver\Src\stm32f4xx_hal_rcc.o
                0x08002cf4                HAL_RCC_GetHCLKFreq
 .text.HAL_TIM_Base_Init
                0x08002d0c       0x56 Drivers\STM32F4xx_HAL_Driver\Src\stm32f4xx_hal_tim.o
                0x08002d0c                HAL_TIM_Base_Init
 .text.HAL_TIM_Base_Start
                0x08002d62       0x36 Drivers\STM32F4xx_HAL_Driver\Src\stm32f4xx_hal_tim.o
                0x08002d62                HAL_TIM_Base_Start
 .text.HAL_TIM_PWM_Init
                0x08002d98       0x56 Drivers\STM32F4xx_HAL_Driver\Src\stm32f4xx_hal_tim.o
                0x08002d98                HAL_TIM_PWM_Init
 .text.HAL_TIM_PWM_MspInit
                0x08002dee       0x14 Drivers\STM32F4xx_HAL_Driver\Src\stm32f4xx_hal_tim.o
                0x08002dee                HAL_TIM_PWM_MspInit
 *fill*         0x08002e02        0x2 
 .text.HAL_TIM_PWM_Start
                0x08002e04       0x68 Drivers\STM32F4xx_HAL_Driver\Src\stm32f4xx_hal_tim.o
                0x08002e04                HAL_TIM_PWM_Start
 .text.HAL_TIM_PWM_ConfigChannel
                0x08002e6c      0x18c Drivers\STM32F4xx_HAL_Driver\Src\stm32f4xx_hal_tim.o
                0x08002e6c                HAL_TIM_PWM_ConfigChannel
 .text.HAL_TIM_ConfigClockSource
                0x08002ff8      0x1b6 Drivers\STM32F4xx_HAL_Driver\Src\stm32f4xx_hal_tim.o
                0x08002ff8                HAL_TIM_ConfigClockSource
 *fill*         0x080031ae        0x2 
 .text.TIM_Base_SetConfig
                0x080031b0      0x154 Drivers\STM32F4xx_HAL_Driver\Src\stm32f4xx_hal_tim.o
                0x080031b0                TIM_Base_SetConfig
 .text.TIM_OC2_SetConfig
                0x08003304       0xf0 Drivers\STM32F4xx_HAL_Driver\Src\stm32f4xx_hal_tim.o
                0x08003304                TIM_OC2_SetConfig
 .text.TIM_CCxChannelCmd
                0x080033f4       0x46 Drivers\STM32F4xx_HAL_Driver\Src\stm32f4xx_hal_tim.o
                0x080033f4                TIM_CCxChannelCmd
 *fill*         0x0800343a        0x2 
 .text.TIM_OC1_SetConfig
                0x0800343c       0xe8 Drivers\STM32F4xx_HAL_Driver\Src\stm32f4xx_hal_tim.o
 .text.TIM_OC3_SetConfig
                0x08003524       0xf0 Drivers\STM32F4xx_HAL_Driver\Src\stm32f4xx_hal_tim.o
 .text.TIM_OC4_SetConfig
                0x08003614       0xc0 Drivers\STM32F4xx_HAL_Driver\Src\stm32f4xx_hal_tim.o
 .text.TIM_TI1_ConfigInputStage
                0x080036d4       0x66 Drivers\STM32F4xx_HAL_Driver\Src\stm32f4xx_hal_tim.o
 .text.TIM_TI2_ConfigInputStage
                0x0800373a       0x68 Drivers\STM32F4xx_HAL_Driver\Src\stm32f4xx_hal_tim.o
 .text.TIM_ITRx_SetConfig
                0x080037a2       0x40 Drivers\STM32F4xx_HAL_Driver\Src\stm32f4xx_hal_tim.o
 .text.TIM_ETR_SetConfig
                0x080037e2       0x44 Drivers\STM32F4xx_HAL_Driver\Src\stm32f4xx_hal_tim.o
 .text.HAL_TIMEx_MasterConfigSynchronization
                0x08003826       0x8a Drivers\STM32F4xx_HAL_Driver\Src\stm32f4xx_hal_tim_ex.o
                0x08003826                HAL_TIMEx_MasterConfigSynchronization
 .text.app_init
                0x080038b0       0x50 Src\app.o
                0x080038b0                app_init
 .text.HAL_ADC_ConvCpltCallback
                0x08003900      0x148 Src\app.o
                0x08003900                HAL_ADC_ConvCpltCallback
 .text.main     0x08003a48       0x28 Src\main.o
                0x08003a48                main
 .text.SystemClock_Config
                0x08003a70       0xec Src\main.o
                0x08003a70                SystemClock_Config
 .text.MX_ADC1_Init
                0x08003b5c       0xe0 Src\main.o
 .text.MX_TIM2_Init
                0x08003c3c       0x94 Src\main.o
 .text.MX_TIM4_Init
                0x08003cd0      0x118 Src\main.o
 .text.MX_DMA_Init
                0x08003de8       0x40 Src\main.o
 .text.MX_GPIO_Init
                0x08003e28       0x94 Src\main.o
 .text._Error_Handler
                0x08003ebc        0xc Src\main.o
                0x08003ebc                _Error_Handler
 .text.HAL_MspInit
                0x08003ec8       0xa4 Src\stm32f4xx_hal_msp.o
                0x08003ec8                HAL_MspInit
 .text.HAL_ADC_MspInit
                0x08003f6c       0xdc Src\stm32f4xx_hal_msp.o
                0x08003f6c                HAL_ADC_MspInit
 .text.HAL_TIM_Base_MspInit
                0x08004048       0x6c Src\stm32f4xx_hal_msp.o
                0x08004048                HAL_TIM_Base_MspInit
 .text.HAL_TIM_MspPostInit
                0x080040b4       0x44 Src\stm32f4xx_hal_msp.o
                0x080040b4                HAL_TIM_MspPostInit
 .text.NMI_Handler
                0x080040f8        0xe Src\stm32f4xx_it.o
                0x080040f8                NMI_Handler
 .text.HardFault_Handler
                0x08004106        0x6 Src\stm32f4xx_it.o
                0x08004106                HardFault_Handler
 .text.MemManage_Handler
                0x0800410c        0x6 Src\stm32f4xx_it.o
                0x0800410c                MemManage_Handler
 .text.BusFault_Handler
                0x08004112        0x6 Src\stm32f4xx_it.o
                0x08004112                BusFault_Handler
 .text.UsageFault_Handler
                0x08004118        0x6 Src\stm32f4xx_it.o
                0x08004118                UsageFault_Handler
 .text.SVC_Handler
                0x0800411e        0xe Src\stm32f4xx_it.o
                0x0800411e                SVC_Handler
 .text.DebugMon_Handler
                0x0800412c        0xe Src\stm32f4xx_it.o
                0x0800412c                DebugMon_Handler
 .text.PendSV_Handler
                0x0800413a        0xe Src\stm32f4xx_it.o
                0x0800413a                PendSV_Handler
 .text.SysTick_Handler
                0x08004148       0x10 Src\stm32f4xx_it.o
                0x08004148                SysTick_Handler
 .text.ADC_IRQHandler
                0x08004158       0x14 Src\stm32f4xx_it.o
                0x08004158                ADC_IRQHandler
 .text.DMA2_Stream0_IRQHandler
                0x0800416c       0x14 Src\stm32f4xx_it.o
                0x0800416c                DMA2_Stream0_IRQHandler
 .text.SystemInit
                0x08004180       0x6c Src\system_stm32f4xx.o
                0x08004180                SystemInit
 .text.Reset_Handler
                0x080041ec       0x50 startup\startup_stm32f407xx.o
                0x080041ec                Reset_Handler
 .text.Default_Handler
                0x0800423c        0x2 startup\startup_stm32f407xx.o
                0x0800423c                RTC_Alarm_IRQHandler
                0x0800423c                HASH_RNG_IRQHandler
                0x0800423c                EXTI2_IRQHandler
                0x0800423c                TIM8_CC_IRQHandler
                0x0800423c                TIM1_CC_IRQHandler
                0x0800423c                DMA2_Stream5_IRQHandler
                0x0800423c                DMA1_Stream5_IRQHandler
                0x0800423c                PVD_IRQHandler
                0x0800423c                SDIO_IRQHandler
                0x0800423c                TAMP_STAMP_IRQHandler
                0x0800423c                CAN2_RX1_IRQHandler
                0x0800423c                EXTI3_IRQHandler
                0x0800423c                TIM8_TRG_COM_TIM14_IRQHandler
                0x0800423c                TIM1_UP_TIM10_IRQHandler
                0x0800423c                TIM8_UP_TIM13_IRQHandler
                0x0800423c                I2C3_ER_IRQHandler
                0x0800423c                EXTI0_IRQHandler
                0x0800423c                I2C2_EV_IRQHandler
                0x0800423c                DMA1_Stream2_IRQHandler
                0x0800423c                CAN1_RX0_IRQHandler
                0x0800423c                FPU_IRQHandler
                0x0800423c                OTG_HS_WKUP_IRQHandler
                0x0800423c                CAN2_SCE_IRQHandler
                0x0800423c                DMA2_Stream2_IRQHandler
                0x0800423c                SPI1_IRQHandler
                0x0800423c                TIM6_DAC_IRQHandler
                0x0800423c                TIM1_BRK_TIM9_IRQHandler
                0x0800423c                DCMI_IRQHandler
                0x0800423c                CAN2_RX0_IRQHandler
                0x0800423c                DMA2_Stream3_IRQHandler
                0x0800423c                USART6_IRQHandler
                0x0800423c                USART3_IRQHandler
                0x0800423c                CAN1_RX1_IRQHandler
                0x0800423c                UART5_IRQHandler
                0x0800423c                TIM4_IRQHandler
                0x0800423c                I2C1_EV_IRQHandler
                0x0800423c                DMA1_Stream6_IRQHandler
                0x0800423c                DMA1_Stream1_IRQHandler
                0x0800423c                UART4_IRQHandler
                0x0800423c                TIM3_IRQHandler
                0x0800423c                RCC_IRQHandler
                0x0800423c                TIM8_BRK_TIM12_IRQHandler
                0x0800423c                Default_Handler
                0x0800423c                EXTI15_10_IRQHandler
                0x0800423c                DMA1_Stream7_IRQHandler
                0x0800423c                TIM7_IRQHandler
                0x0800423c                CAN2_TX_IRQHandler
                0x0800423c                TIM5_IRQHandler
                0x0800423c                DMA2_Stream7_IRQHandler
                0x0800423c                I2C3_EV_IRQHandler
                0x0800423c                EXTI9_5_IRQHandler
                0x0800423c                RTC_WKUP_IRQHandler
                0x0800423c                ETH_WKUP_IRQHandler
                0x0800423c                SPI2_IRQHandler
                0x0800423c                OTG_HS_EP1_IN_IRQHandler
                0x0800423c                DMA1_Stream0_IRQHandler
                0x0800423c                CAN1_TX_IRQHandler
                0x0800423c                EXTI4_IRQHandler
                0x0800423c                FSMC_IRQHandler
                0x0800423c                ETH_IRQHandler
                0x0800423c                OTG_HS_EP1_OUT_IRQHandler
                0x0800423c                WWDG_IRQHandler
                0x0800423c                TIM2_IRQHandler
                0x0800423c                OTG_FS_WKUP_IRQHandler
                0x0800423c                TIM1_TRG_COM_TIM11_IRQHandler
                0x0800423c                OTG_HS_IRQHandler
                0x0800423c                EXTI1_IRQHandler
                0x0800423c                USART2_IRQHandler
                0x0800423c                I2C2_ER_IRQHandler
                0x0800423c                DMA2_Stream1_IRQHandler
                0x0800423c                CAN1_SCE_IRQHandler
                0x0800423c                FLASH_IRQHandler
                0x0800423c                DMA2_Stream4_IRQHandler
                0x0800423c                USART1_IRQHandler
                0x0800423c                OTG_FS_IRQHandler
                0x0800423c                SPI3_IRQHandler
                0x0800423c                DMA1_Stream4_IRQHandler
                0x0800423c                I2C1_ER_IRQHandler
                0x0800423c                DMA2_Stream6_IRQHandler
                0x0800423c                DMA1_Stream3_IRQHandler
 *fill*         0x0800423e        0x2 
 .text.__libc_init_array
                0x08004240       0x48 c:/program files (x86)/atollic/truestudio for stm32 9.0.1/armtools/bin/../lib/gcc/arm-atollic-eabi/6.3.1/../../../../arm-atollic-eabi/lib/armv7e-m/fpu\libc_nano.a(lib_a-init.o)
                0x08004240                __libc_init_array
 *(.glue_7)
 .glue_7        0x08004288        0x0 linker stubs
 *(.glue_7t)
 .glue_7t       0x08004288        0x0 linker stubs
 *(.eh_frame)
 .eh_frame      0x08004288        0x0 c:/program files (x86)/atollic/truestudio for stm32 9.0.1/armtools/bin/../lib/gcc/arm-atollic-eabi/6.3.1/armv7e-m/fpu/crtbegin.o
 *(.init)
 .init          0x08004288        0x4 c:/program files (x86)/atollic/truestudio for stm32 9.0.1/armtools/bin/../lib/gcc/arm-atollic-eabi/6.3.1/armv7e-m/fpu/crti.o
                0x08004288                _init
 .init          0x0800428c        0x8 c:/program files (x86)/atollic/truestudio for stm32 9.0.1/armtools/bin/../lib/gcc/arm-atollic-eabi/6.3.1/armv7e-m/fpu/crtn.o
 *(.fini)
 .fini          0x08004294        0x4 c:/program files (x86)/atollic/truestudio for stm32 9.0.1/armtools/bin/../lib/gcc/arm-atollic-eabi/6.3.1/armv7e-m/fpu/crti.o
                0x08004294                _fini
 .fini          0x08004298        0x8 c:/program files (x86)/atollic/truestudio for stm32 9.0.1/armtools/bin/../lib/gcc/arm-atollic-eabi/6.3.1/armv7e-m/fpu/crtn.o
                0x080042a0                . = ALIGN (0x4)
                0x080042a0                _etext = .

.vfp11_veneer   0x080042a0        0x0
 .vfp11_veneer  0x080042a0        0x0 linker stubs

.v4_bx          0x080042a0        0x0
 .v4_bx         0x080042a0        0x0 linker stubs

.iplt           0x080042a0        0x0
 .iplt          0x080042a0        0x0 c:/program files (x86)/atollic/truestudio for stm32 9.0.1/armtools/bin/../lib/gcc/arm-atollic-eabi/6.3.1/armv7e-m/fpu/crtbegin.o

.rodata         0x080042a0       0x44
                0x080042a0                . = ALIGN (0x4)
 *(.rodata)
 .rodata        0x080042a0        0xe Src\main.o
 *fill*         0x080042ae        0x2 
 .rodata        0x080042b0       0x1b Src\stm32f4xx_hal_msp.o
 *(.rodata*)
 *fill*         0x080042cb        0x1 
 .rodata.flagBitshiftOffset.8831
                0x080042cc        0x8 Drivers\STM32F4xx_HAL_Driver\Src\stm32f4xx_hal_dma.o
 .rodata.AHBPrescTable
                0x080042d4       0x10 Src\system_stm32f4xx.o
                0x080042d4                AHBPrescTable
                0x080042e4                . = ALIGN (0x4)

.ARM.extab
 *(.ARM.extab* .gnu.linkonce.armextab.*)

.ARM            0x080042e4        0x8
                0x080042e4                __exidx_start = .
 *(.ARM.exidx*)
 .ARM.exidx     0x080042e4        0x8 c:/program files (x86)/atollic/truestudio for stm32 9.0.1/armtools/bin/../lib/gcc/arm-atollic-eabi/6.3.1/armv7e-m/fpu\libgcc.a(_udivmoddi4.o)
                0x080042ec                __exidx_end = .

.rel.dyn        0x080042ec        0x0
 .rel.iplt      0x080042ec        0x0 c:/program files (x86)/atollic/truestudio for stm32 9.0.1/armtools/bin/../lib/gcc/arm-atollic-eabi/6.3.1/armv7e-m/fpu/crtbegin.o

.preinit_array  0x080042ec        0x0
                0x080042ec                PROVIDE (__preinit_array_start, .)
 *(.preinit_array*)
                0x080042ec                PROVIDE (__preinit_array_end, .)

.init_array     0x080042ec        0x4
                0x080042ec                PROVIDE (__init_array_start, .)
 *(SORT(.init_array.*))
 *(.init_array*)
 .init_array    0x080042ec        0x4 c:/program files (x86)/atollic/truestudio for stm32 9.0.1/armtools/bin/../lib/gcc/arm-atollic-eabi/6.3.1/armv7e-m/fpu/crtbegin.o
                0x080042f0                PROVIDE (__init_array_end, .)

.fini_array     0x080042f0        0x4
                [!provide]                PROVIDE (__fini_array_start, .)
 *(SORT(.fini_array.*))
 *(.fini_array*)
 .fini_array    0x080042f0        0x4 c:/program files (x86)/atollic/truestudio for stm32 9.0.1/armtools/bin/../lib/gcc/arm-atollic-eabi/6.3.1/armv7e-m/fpu/crtbegin.o
                [!provide]                PROVIDE (__fini_array_end, .)
                0x080042f4                _sidata = LOADADDR (.data)

.data           0x20000000        0xc load address 0x080042f4
                0x20000000                . = ALIGN (0x4)
                0x20000000                _sdata = .
 *(.data)
 *(.data*)
 .data.uwTickPrio
                0x20000000        0x4 Drivers\STM32F4xx_HAL_Driver\Src\stm32f4xx_hal.o
                0x20000000                uwTickPrio
 .data.uwTickFreq
                0x20000004        0x1 Drivers\STM32F4xx_HAL_Driver\Src\stm32f4xx_hal.o
                0x20000004                uwTickFreq
 *fill*         0x20000005        0x3 
 .data.SystemCoreClock
                0x20000008        0x4 Src\system_stm32f4xx.o
                0x20000008                SystemCoreClock
                0x2000000c                . = ALIGN (0x4)
                0x2000000c                _edata = .
                0x08004300                _siccmram = LOADADDR (.ccmram)

.igot.plt       0x2000000c        0x0 load address 0x08004300
 .igot.plt      0x2000000c        0x0 c:/program files (x86)/atollic/truestudio for stm32 9.0.1/armtools/bin/../lib/gcc/arm-atollic-eabi/6.3.1/armv7e-m/fpu/crtbegin.o

.ccmram         0x10000000        0x0 load address 0x08004300
                0x10000000                . = ALIGN (0x4)
                0x10000000                _sccmram = .
 *(.ccmram)
 *(.ccmram*)
                0x10000000                . = ALIGN (0x4)
                0x10000000                _eccmram = .
                0x10000000                . = ALIGN (0x4)

.bss            0x2000000c      0x170
                0x2000000c                _sbss = .
                0x2000000c                __bss_start__ = _sbss
 *(.bss)
 .bss           0x2000000c       0x1c c:/program files (x86)/atollic/truestudio for stm32 9.0.1/armtools/bin/../lib/gcc/arm-atollic-eabi/6.3.1/armv7e-m/fpu/crtbegin.o
 *(.bss*)
 .bss.mme       0x20000028        0xc Src\app.o
                0x20000028                mme
 .bss.media_inteira
                0x20000034        0x6 Src\app.o
                0x20000034                media_inteira
 *fill*         0x2000003a        0x2 
 .bss.ant       0x2000003c        0xc Src\app.o
                0x2000003c                ant
 .bss.i.8726    0x20000048        0x4 Src\app.o
 .bss.n.8727    0x2000004c        0x4 Src\app.o
 *(COMMON)
 COMMON         0x20000050        0x4 Drivers\STM32F4xx_HAL_Driver\Src\stm32f4xx_hal.o
                0x20000050                uwTick
 COMMON         0x20000054        0x6 Src\app.o
                0x20000054                v
 *fill*         0x2000005a        0x2 
 COMMON         0x2000005c      0x120 Src\main.o
                0x2000005c                htim4
                0x20000098                hadc1
                0x200000e0                hdma_adc1
                0x20000140                htim2
                0x2000017c                . = ALIGN (0x4)
                0x2000017c                _ebss = .
                0x2000017c                __bss_end__ = _ebss

._user_heap_stack
                0x2000017c      0x600
                0x2000017c                . = ALIGN (0x4)
                [!provide]                PROVIDE (end, .)
                [!provide]                PROVIDE (_end, .)
                0x2000037c                . = (. + _Min_Heap_Size)
 *fill*         0x2000017c      0x200 
                0x2000077c                . = (. + _Min_Stack_Size)
 *fill*         0x2000037c      0x400 
                0x2000077c                . = ALIGN (0x4)

/DISCARD/
 libc.a(*)
 libm.a(*)
 libgcc.a(*)

.ARM.attributes
                0x00000000       0x30
 *(.ARM.attributes)
 .ARM.attributes
                0x00000000       0x22 c:/program files (x86)/atollic/truestudio for stm32 9.0.1/armtools/bin/../lib/gcc/arm-atollic-eabi/6.3.1/armv7e-m/fpu/crti.o
 .ARM.attributes
                0x00000022       0x34 c:/program files (x86)/atollic/truestudio for stm32 9.0.1/armtools/bin/../lib/gcc/arm-atollic-eabi/6.3.1/armv7e-m/fpu/crtbegin.o
 .ARM.attributes
                0x00000056       0x39 Drivers\STM32F4xx_HAL_Driver\Src\stm32f4xx_hal.o
 .ARM.attributes
                0x0000008f       0x39 Drivers\STM32F4xx_HAL_Driver\Src\stm32f4xx_hal_adc.o
 .ARM.attributes
                0x000000c8       0x39 Drivers\STM32F4xx_HAL_Driver\Src\stm32f4xx_hal_adc_ex.o
 .ARM.attributes
                0x00000101       0x39 Drivers\STM32F4xx_HAL_Driver\Src\stm32f4xx_hal_cortex.o
 .ARM.attributes
                0x0000013a       0x39 Drivers\STM32F4xx_HAL_Driver\Src\stm32f4xx_hal_dma.o
 .ARM.attributes
                0x00000173       0x39 Drivers\STM32F4xx_HAL_Driver\Src\stm32f4xx_hal_gpio.o
 .ARM.attributes
                0x000001ac       0x39 Drivers\STM32F4xx_HAL_Driver\Src\stm32f4xx_hal_rcc.o
 .ARM.attributes
                0x000001e5       0x39 Drivers\STM32F4xx_HAL_Driver\Src\stm32f4xx_hal_tim.o
 .ARM.attributes
                0x0000021e       0x39 Drivers\STM32F4xx_HAL_Driver\Src\stm32f4xx_hal_tim_ex.o
 .ARM.attributes
                0x00000257       0x39 Src\app.o
 .ARM.attributes
                0x00000290       0x39 Src\main.o
 .ARM.attributes
                0x000002c9       0x39 Src\stm32f4xx_hal_msp.o
 .ARM.attributes
                0x00000302       0x39 Src\stm32f4xx_it.o
 .ARM.attributes
                0x0000033b       0x39 Src\system_stm32f4xx.o
 .ARM.attributes
                0x00000374       0x21 startup\startup_stm32f407xx.o
 .ARM.attributes
                0x00000395       0x34 c:/program files (x86)/atollic/truestudio for stm32 9.0.1/armtools/bin/../lib/gcc/arm-atollic-eabi/6.3.1/../../../../arm-atollic-eabi/lib/armv7e-m/fpu\libc_nano.a(lib_a-init.o)
 .ARM.attributes
                0x000003c9       0x22 c:/program files (x86)/atollic/truestudio for stm32 9.0.1/armtools/bin/../lib/gcc/arm-atollic-eabi/6.3.1/armv7e-m/fpu\libgcc.a(_arm_addsubdf3.o)
 .ARM.attributes
                0x000003eb       0x22 c:/program files (x86)/atollic/truestudio for stm32 9.0.1/armtools/bin/../lib/gcc/arm-atollic-eabi/6.3.1/armv7e-m/fpu\libgcc.a(_arm_muldivdf3.o)
 .ARM.attributes
                0x0000040d       0x22 c:/program files (x86)/atollic/truestudio for stm32 9.0.1/armtools/bin/../lib/gcc/arm-atollic-eabi/6.3.1/armv7e-m/fpu\libgcc.a(_arm_truncdfsf2.o)
 .ARM.attributes
                0x0000042f       0x22 c:/program files (x86)/atollic/truestudio for stm32 9.0.1/armtools/bin/../lib/gcc/arm-atollic-eabi/6.3.1/armv7e-m/fpu\libgcc.a(_aeabi_uldivmod.o)
 .ARM.attributes
                0x00000451       0x34 c:/program files (x86)/atollic/truestudio for stm32 9.0.1/armtools/bin/../lib/gcc/arm-atollic-eabi/6.3.1/armv7e-m/fpu\libgcc.a(_udivmoddi4.o)
 .ARM.attributes
                0x00000485       0x22 c:/program files (x86)/atollic/truestudio for stm32 9.0.1/armtools/bin/../lib/gcc/arm-atollic-eabi/6.3.1/armv7e-m/fpu\libgcc.a(_dvmd_tls.o)
 .ARM.attributes
                0x000004a7       0x22 c:/program files (x86)/atollic/truestudio for stm32 9.0.1/armtools/bin/../lib/gcc/arm-atollic-eabi/6.3.1/armv7e-m/fpu/crtn.o
OUTPUT(LAB13.elf elf32-littlearm)

.debug_info     0x00000000    0x11fee
 .debug_info    0x00000000     0x111e Drivers\STM32F4xx_HAL_Driver\Src\stm32f4xx_hal.o
 .debug_info    0x0000111e     0x149f Drivers\STM32F4xx_HAL_Driver\Src\stm32f4xx_hal_adc.o
 .debug_info    0x000025bd     0x131d Drivers\STM32F4xx_HAL_Driver\Src\stm32f4xx_hal_adc_ex.o
 .debug_info    0x000038da     0x15e2 Drivers\STM32F4xx_HAL_Driver\Src\stm32f4xx_hal_cortex.o
 .debug_info    0x00004ebc     0x1123 Drivers\STM32F4xx_HAL_Driver\Src\stm32f4xx_hal_dma.o
 .debug_info    0x00005fdf      0xf76 Drivers\STM32F4xx_HAL_Driver\Src\stm32f4xx_hal_gpio.o
 .debug_info    0x00006f55     0x10b6 Drivers\STM32F4xx_HAL_Driver\Src\stm32f4xx_hal_rcc.o
 .debug_info    0x0000800b     0x29f8 Drivers\STM32F4xx_HAL_Driver\Src\stm32f4xx_hal_tim.o
 .debug_info    0x0000aa03     0x17d2 Drivers\STM32F4xx_HAL_Driver\Src\stm32f4xx_hal_tim_ex.o
 .debug_info    0x0000c1d5     0x11ad Src\app.o
 .debug_info    0x0000d382     0x19dc Src\main.o
 .debug_info    0x0000ed5e     0x166d Src\stm32f4xx_hal_msp.o
 .debug_info    0x000103cb      0xe68 Src\stm32f4xx_it.o
 .debug_info    0x00011233      0xd17 Src\system_stm32f4xx.o
 .debug_info    0x00011f4a       0xa4 startup\startup_stm32f407xx.o

.debug_abbrev   0x00000000     0x21bc
 .debug_abbrev  0x00000000      0x280 Drivers\STM32F4xx_HAL_Driver\Src\stm32f4xx_hal.o
 .debug_abbrev  0x00000280      0x262 Drivers\STM32F4xx_HAL_Driver\Src\stm32f4xx_hal_adc.o
 .debug_abbrev  0x000004e2      0x25d Drivers\STM32F4xx_HAL_Driver\Src\stm32f4xx_hal_adc_ex.o
 .debug_abbrev  0x0000073f      0x371 Drivers\STM32F4xx_HAL_Driver\Src\stm32f4xx_hal_cortex.o
 .debug_abbrev  0x00000ab0      0x286 Drivers\STM32F4xx_HAL_Driver\Src\stm32f4xx_hal_dma.o
 .debug_abbrev  0x00000d36      0x24c Drivers\STM32F4xx_HAL_Driver\Src\stm32f4xx_hal_gpio.o
 .debug_abbrev  0x00000f82      0x2c8 Drivers\STM32F4xx_HAL_Driver\Src\stm32f4xx_hal_rcc.o
 .debug_abbrev  0x0000124a      0x2ab Drivers\STM32F4xx_HAL_Driver\Src\stm32f4xx_hal_tim.o
 .debug_abbrev  0x000014f5      0x288 Drivers\STM32F4xx_HAL_Driver\Src\stm32f4xx_hal_tim_ex.o
 .debug_abbrev  0x0000177d      0x206 Src\app.o
 .debug_abbrev  0x00001983      0x28d Src\main.o
 .debug_abbrev  0x00001c10      0x21b Src\stm32f4xx_hal_msp.o
 .debug_abbrev  0x00001e2b      0x1b5 Src\stm32f4xx_it.o
 .debug_abbrev  0x00001fe0      0x1ca Src\system_stm32f4xx.o
 .debug_abbrev  0x000021aa       0x12 startup\startup_stm32f407xx.o

.debug_aranges  0x00000000      0xb10
 .debug_aranges
                0x00000000       0xe0 Drivers\STM32F4xx_HAL_Driver\Src\stm32f4xx_hal.o
 .debug_aranges
                0x000000e0       0xe8 Drivers\STM32F4xx_HAL_Driver\Src\stm32f4xx_hal_adc.o
 .debug_aranges
                0x000001c8       0x90 Drivers\STM32F4xx_HAL_Driver\Src\stm32f4xx_hal_adc_ex.o
 .debug_aranges
                0x00000258      0x118 Drivers\STM32F4xx_HAL_Driver\Src\stm32f4xx_hal_cortex.o
 .debug_aranges
                0x00000370       0x90 Drivers\STM32F4xx_HAL_Driver\Src\stm32f4xx_hal_dma.o
 .debug_aranges
                0x00000400       0x58 Drivers\STM32F4xx_HAL_Driver\Src\stm32f4xx_hal_gpio.o
 .debug_aranges
                0x00000458       0x88 Drivers\STM32F4xx_HAL_Driver\Src\stm32f4xx_hal_rcc.o
 .debug_aranges
                0x000004e0      0x368 Drivers\STM32F4xx_HAL_Driver\Src\stm32f4xx_hal_tim.o
 .debug_aranges
                0x00000848      0x140 Drivers\STM32F4xx_HAL_Driver\Src\stm32f4xx_hal_tim_ex.o
 .debug_aranges
                0x00000988       0x28 Src\app.o
 .debug_aranges
                0x000009b0       0x58 Src\main.o
 .debug_aranges
                0x00000a08       0x48 Src\stm32f4xx_hal_msp.o
 .debug_aranges
                0x00000a50       0x70 Src\stm32f4xx_it.o
 .debug_aranges
                0x00000ac0       0x28 Src\system_stm32f4xx.o
 .debug_aranges
                0x00000ae8       0x28 startup\startup_stm32f407xx.o

.debug_ranges   0x00000000      0xa28
 .debug_ranges  0x00000000       0xd0 Drivers\STM32F4xx_HAL_Driver\Src\stm32f4xx_hal.o
 .debug_ranges  0x000000d0       0xd8 Drivers\STM32F4xx_HAL_Driver\Src\stm32f4xx_hal_adc.o
 .debug_ranges  0x000001a8       0x80 Drivers\STM32F4xx_HAL_Driver\Src\stm32f4xx_hal_adc_ex.o
 .debug_ranges  0x00000228      0x108 Drivers\STM32F4xx_HAL_Driver\Src\stm32f4xx_hal_cortex.o
 .debug_ranges  0x00000330       0x80 Drivers\STM32F4xx_HAL_Driver\Src\stm32f4xx_hal_dma.o
 .debug_ranges  0x000003b0       0x48 Drivers\STM32F4xx_HAL_Driver\Src\stm32f4xx_hal_gpio.o
 .debug_ranges  0x000003f8       0x78 Drivers\STM32F4xx_HAL_Driver\Src\stm32f4xx_hal_rcc.o
 .debug_ranges  0x00000470      0x358 Drivers\STM32F4xx_HAL_Driver\Src\stm32f4xx_hal_tim.o
 .debug_ranges  0x000007c8      0x130 Drivers\STM32F4xx_HAL_Driver\Src\stm32f4xx_hal_tim_ex.o
 .debug_ranges  0x000008f8       0x18 Src\app.o
 .debug_ranges  0x00000910       0x48 Src\main.o
 .debug_ranges  0x00000958       0x38 Src\stm32f4xx_hal_msp.o
 .debug_ranges  0x00000990       0x60 Src\stm32f4xx_it.o
 .debug_ranges  0x000009f0       0x18 Src\system_stm32f4xx.o
 .debug_ranges  0x00000a08       0x20 startup\startup_stm32f407xx.o

.debug_line     0x00000000     0x5458
 .debug_line    0x00000000      0x491 Drivers\STM32F4xx_HAL_Driver\Src\stm32f4xx_hal.o
 .debug_line    0x00000491      0x6e2 Drivers\STM32F4xx_HAL_Driver\Src\stm32f4xx_hal_adc.o
 .debug_line    0x00000b73      0x5ee Drivers\STM32F4xx_HAL_Driver\Src\stm32f4xx_hal_adc_ex.o
 .debug_line    0x00001161      0x5c9 Drivers\STM32F4xx_HAL_Driver\Src\stm32f4xx_hal_cortex.o
 .debug_line    0x0000172a      0x583 Drivers\STM32F4xx_HAL_Driver\Src\stm32f4xx_hal_dma.o
 .debug_line    0x00001cad      0x497 Drivers\STM32F4xx_HAL_Driver\Src\stm32f4xx_hal_gpio.o
 .debug_line    0x00002144      0x530 Drivers\STM32F4xx_HAL_Driver\Src\stm32f4xx_hal_rcc.o
 .debug_line    0x00002674     0x1464 Drivers\STM32F4xx_HAL_Driver\Src\stm32f4xx_hal_tim.o
 .debug_line    0x00003ad8      0x885 Drivers\STM32F4xx_HAL_Driver\Src\stm32f4xx_hal_tim_ex.o
 .debug_line    0x0000435d      0x308 Src\app.o
 .debug_line    0x00004665      0x433 Src\main.o
 .debug_line    0x00004a98      0x36d Src\stm32f4xx_hal_msp.o
 .debug_line    0x00004e05      0x364 Src\stm32f4xx_it.o
 .debug_line    0x00005169      0x270 Src\system_stm32f4xx.o
 .debug_line    0x000053d9       0x7f startup\startup_stm32f407xx.o

.debug_str      0x00000000     0x3a12
 .debug_str     0x00000000      0xef1 Drivers\STM32F4xx_HAL_Driver\Src\stm32f4xx_hal.o
                                0xf9d (size before relaxing)
 .debug_str     0x00000ef1      0x655 Drivers\STM32F4xx_HAL_Driver\Src\stm32f4xx_hal_adc.o
                                0xd94 (size before relaxing)
 .debug_str     0x00001546      0x302 Drivers\STM32F4xx_HAL_Driver\Src\stm32f4xx_hal_adc_ex.o
                                0xdce (size before relaxing)
 .debug_str     0x00001848      0x40d Drivers\STM32F4xx_HAL_Driver\Src\stm32f4xx_hal_cortex.o
                               0x10b9 (size before relaxing)
 .debug_str     0x00001c55      0x30e Drivers\STM32F4xx_HAL_Driver\Src\stm32f4xx_hal_dma.o
                                0xc09 (size before relaxing)
 .debug_str     0x00001f63      0x1d3 Drivers\STM32F4xx_HAL_Driver\Src\stm32f4xx_hal_gpio.o
                                0x98f (size before relaxing)
 .debug_str     0x00002136      0x2e9 Drivers\STM32F4xx_HAL_Driver\Src\stm32f4xx_hal_rcc.o
                                0xb3b (size before relaxing)
 .debug_str     0x0000241f      0xea4 Drivers\STM32F4xx_HAL_Driver\Src\stm32f4xx_hal_tim.o
                               0x17ff (size before relaxing)
 .debug_str     0x000032c3      0x543 Drivers\STM32F4xx_HAL_Driver\Src\stm32f4xx_hal_tim_ex.o
                               0x10ba (size before relaxing)
 .debug_str     0x00003806       0x3c Src\app.o
                                0xc7d (size before relaxing)
 .debug_str     0x00003842       0x94 Src\main.o
                               0x1571 (size before relaxing)
 .debug_str     0x000038d6       0x39 Src\stm32f4xx_hal_msp.o
                               0x12fb (size before relaxing)
 .debug_str     0x0000390f       0xbe Src\stm32f4xx_it.o
                                0xadd (size before relaxing)
 .debug_str     0x000039cd       0x45 Src\system_stm32f4xx.o
                                0x7f3 (size before relaxing)

.comment        0x00000000       0x7c
 .comment       0x00000000       0x7c Drivers\STM32F4xx_HAL_Driver\Src\stm32f4xx_hal.o
                                 0x7d (size before relaxing)
 .comment       0x0000007c       0x7d Drivers\STM32F4xx_HAL_Driver\Src\stm32f4xx_hal_adc.o
 .comment       0x0000007c       0x7d Drivers\STM32F4xx_HAL_Driver\Src\stm32f4xx_hal_adc_ex.o
 .comment       0x0000007c       0x7d Drivers\STM32F4xx_HAL_Driver\Src\stm32f4xx_hal_cortex.o
 .comment       0x0000007c       0x7d Drivers\STM32F4xx_HAL_Driver\Src\stm32f4xx_hal_dma.o
 .comment       0x0000007c       0x7d Drivers\STM32F4xx_HAL_Driver\Src\stm32f4xx_hal_gpio.o
 .comment       0x0000007c       0x7d Drivers\STM32F4xx_HAL_Driver\Src\stm32f4xx_hal_rcc.o
 .comment       0x0000007c       0x7d Drivers\STM32F4xx_HAL_Driver\Src\stm32f4xx_hal_tim.o
 .comment       0x0000007c       0x7d Drivers\STM32F4xx_HAL_Driver\Src\stm32f4xx_hal_tim_ex.o
 .comment       0x0000007c       0x7d Src\app.o
 .comment       0x0000007c       0x7d Src\main.o
 .comment       0x0000007c       0x7d Src\stm32f4xx_hal_msp.o
 .comment       0x0000007c       0x7d Src\stm32f4xx_it.o
 .comment       0x0000007c       0x7d Src\system_stm32f4xx.o

.debug_frame    0x00000000     0x2e94
 .debug_frame   0x00000000      0x33c Drivers\STM32F4xx_HAL_Driver\Src\stm32f4xx_hal.o
 .debug_frame   0x0000033c      0x400 Drivers\STM32F4xx_HAL_Driver\Src\stm32f4xx_hal_adc.o
 .debug_frame   0x0000073c      0x254 Drivers\STM32F4xx_HAL_Driver\Src\stm32f4xx_hal_adc_ex.o
 .debug_frame   0x00000990      0x498 Drivers\STM32F4xx_HAL_Driver\Src\stm32f4xx_hal_cortex.o
 .debug_frame   0x00000e28      0x250 Drivers\STM32F4xx_HAL_Driver\Src\stm32f4xx_hal_dma.o
 .debug_frame   0x00001078      0x14c Drivers\STM32F4xx_HAL_Driver\Src\stm32f4xx_hal_gpio.o
 .debug_frame   0x000011c4      0x1f8 Drivers\STM32F4xx_HAL_Driver\Src\stm32f4xx_hal_rcc.o
 .debug_frame   0x000013bc      0xfb4 Drivers\STM32F4xx_HAL_Driver\Src\stm32f4xx_hal_tim.o
 .debug_frame   0x00002370      0x574 Drivers\STM32F4xx_HAL_Driver\Src\stm32f4xx_hal_tim_ex.o
 .debug_frame   0x000028e4       0x58 Src\app.o
 .debug_frame   0x0000293c      0x120 Src\main.o
 .debug_frame   0x00002a5c       0xf0 Src\stm32f4xx_hal_msp.o
 .debug_frame   0x00002b4c      0x144 Src\stm32f4xx_it.o
 .debug_frame   0x00002c90       0x58 Src\system_stm32f4xx.o
 .debug_frame   0x00002ce8       0x2c c:/program files (x86)/atollic/truestudio for stm32 9.0.1/armtools/bin/../lib/gcc/arm-atollic-eabi/6.3.1/../../../../arm-atollic-eabi/lib/armv7e-m/fpu\libc_nano.a(lib_a-init.o)
 .debug_frame   0x00002d14       0xac c:/program files (x86)/atollic/truestudio for stm32 9.0.1/armtools/bin/../lib/gcc/arm-atollic-eabi/6.3.1/armv7e-m/fpu\libgcc.a(_arm_addsubdf3.o)
 .debug_frame   0x00002dc0       0x50 c:/program files (x86)/atollic/truestudio for stm32 9.0.1/armtools/bin/../lib/gcc/arm-atollic-eabi/6.3.1/armv7e-m/fpu\libgcc.a(_arm_muldivdf3.o)
 .debug_frame   0x00002e10       0x24 c:/program files (x86)/atollic/truestudio for stm32 9.0.1/armtools/bin/../lib/gcc/arm-atollic-eabi/6.3.1/armv7e-m/fpu\libgcc.a(_arm_truncdfsf2.o)
 .debug_frame   0x00002e34       0x2c c:/program files (x86)/atollic/truestudio for stm32 9.0.1/armtools/bin/../lib/gcc/arm-atollic-eabi/6.3.1/armv7e-m/fpu\libgcc.a(_aeabi_uldivmod.o)
 .debug_frame   0x00002e60       0x34 c:/program files (x86)/atollic/truestudio for stm32 9.0.1/armtools/bin/../lib/gcc/arm-atollic-eabi/6.3.1/armv7e-m/fpu\libgcc.a(_udivmoddi4.o)
